[napchaivietthai.com/index.html]
[napchaivietthai.com/cdn-cgi/apps/head/gdq0StxbwNbxU7OUtP1ApgBGf9k.js]
[napchaivietthai.com/cdn-cgi/apps/head/a2ff1ftsK3yTu21p1BeEN2BZsnA.js]
[userapp.zyrosite.com/v79/css/chunk-08a5488b.2d3778f0.css]
[userapp.zyrosite.com/v79/css/chunk-15bc52b0.258061ec.css]
[userapp.zyrosite.com/v79/css/chunk-2d636fe3.a5fd65f7.css]
[userapp.zyrosite.com/v79/css/chunk-344eddb0.907e5caa.css]
[userapp.zyrosite.com/v79/css/chunk-3f9a7eae.cea6dc64.css]
[userapp.zyrosite.com/v79/css/chunk-4a39c8e0.b67bbadd.css]
[userapp.zyrosite.com/v79/css/chunk-4ac1ad79.55378ad9.css]
[userapp.zyrosite.com/v79/css/chunk-58f50bde.9abc5cea.css]
[userapp.zyrosite.com/v79/css/chunk-594072f4.fa30ed42.css]
[userapp.zyrosite.com/v79/css/chunk-59f77eb4.466a7180.css]
[userapp.zyrosite.com/v79/css/chunk-5affa70a.880d22b4.css]
[userapp.zyrosite.com/v79/css/chunk-73fb698d.9474220f.css]
[userapp.zyrosite.com/v79/css/chunk-74331a3d.218d1057.css]
[userapp.zyrosite.com/v79/css/chunk-9a51ac7a.9abc5cea.css]
[userapp.zyrosite.com/v79/css/chunk-9b69f91e.5967fda5.css]
[userapp.zyrosite.com/v79/css/chunk-a17269f2.1e0ef33a.css]
[userapp.zyrosite.com/v79/css/chunk-c30a2264.1482288e.css]
[userapp.zyrosite.com/v79/css/chunk-cc96683a.fde06246.css]
[userapp.zyrosite.com/v79/js/chunk-08a5488b.1486062d.js]
[userapp.zyrosite.com/v79/js/chunk-15bc52b0.f896b3d9.js]
[userapp.zyrosite.com/v79/js/chunk-2d0b64de.1259fd5d.js]
[userapp.zyrosite.com/v79/js/chunk-2d636fe3.50054cad.js]
[userapp.zyrosite.com/v79/js/chunk-3215c7f5.35f61698.js]
[userapp.zyrosite.com/v79/js/chunk-344eddb0.b139bcba.js]
[userapp.zyrosite.com/v79/js/chunk-3f9a7eae.841fb078.js]
[userapp.zyrosite.com/v79/js/chunk-4a39c8e0.922deb5f.js]
[userapp.zyrosite.com/v79/js/chunk-4ac1ad79.795c477d.js]
[userapp.zyrosite.com/v79/js/chunk-50ddaf3e.b4f39911.js]
[userapp.zyrosite.com/v79/js/chunk-58f50bde.923cb310.js]
[userapp.zyrosite.com/v79/js/chunk-594072f4.c14e2461.js]
[userapp.zyrosite.com/v79/js/chunk-59f77eb4.0e0d4702.js]
[userapp.zyrosite.com/v79/js/chunk-5affa70a.d33c895d.js]
[userapp.zyrosite.com/v79/js/chunk-73fb698d.7d1213b9.js]
[userapp.zyrosite.com/v79/js/chunk-74331a3d.05951766.js]
[userapp.zyrosite.com/v79/js/chunk-9a51ac7a.dd33a720.js]
[userapp.zyrosite.com/v79/js/chunk-9b69f91e.4bca2281.js]
[userapp.zyrosite.com/v79/js/chunk-a17269f2.98a060da.js]
[userapp.zyrosite.com/v79/js/chunk-c30a2264.bdf43db3.js]
[userapp.zyrosite.com/v79/js/chunk-cc96683a.518a70bb.js]
[userapp.zyrosite.com/v79/css/index.adb3ca33.css]
[userapp.zyrosite.com/v79/js/chunk-vendors.55054670.js]
[backblue.gif]
[fade.gif]
[index.html]
[userapp.zyrosite.com/v79/js/index.0a2232e3.js]
[zyroassets.s3.us-east-2.amazonaws.com/_SITE-ASSETS/A8576OQ756ujLrWl/favicon.png]
[assets.zyrosite.com/A8576OQ756ujLrWl/img-AwvZ5LpPR0ILB8zX.png]
[napchaivietthai.com/gioi-thieu.html]
[napchaivietthai.com/nap-chai.html]
[napchaivietthai.com/nap-nhom.html]
[napchaivietthai.com/nap-thu-y.html]
[napchaivietthai.com/nap-vien-chan.html]
[napchaivietthai.com/nap-bi-nhua.html]
[napchaivietthai.com/mang-seal.html]
[assets.zyrosite.com/A8576OQ756ujLrWl/viet-thai-Yyvn5yx77nH0kWJv.jpg]
[napchaivietthai.com/lien-he.html]
[assets.zyrosite.com/A8576OQ756ujLrWl/napnhom-YBgV1oEZ1ESRZL3Z.png]
[assets.zyrosite.com/A8576OQ756ujLrWl/img-AwvZ5LLNMqiO2Kap.png]
[assets.zyrosite.com/A8576OQ756ujLrWl/img-mp8PoX6oy6Hq2MML.png]
[assets.zyrosite.com/A8576OQ756ujLrWl/napnhua-mP495XPXPgfL7WZ6.png]
[napchaivietthai.com/https]
[zyroassets.s3.us-east-2.amazonaws.com/_SITE-ASSETS/A8576OQ756ujLrWl/ogimage.jpg]
[zyroscreenshot.s3.us-east-2.amazonaws.com/1612114516034-qz632.jpg]
[images.unsplash.com/photo-1611502692278-8790788af174.400854.delayed]
[images.unsplash.com/photo-1528731708534-816fe59f90cb401b.jpg]
[assets.zyrosite.com/A8576OQ756ujLrWl/img-YX45LXjyVBCnoB2O.jpg]
[images.unsplash.com/photo-1565514158740-064f34bd6cfde6e6.jpg]
[assets.zyrosite.com/A8576OQ756ujLrWl/img-mjEyxQ4rOyCvnDBg.jpg]
[assets.zyrosite.com/A8576OQ756ujLrWl/img-d95N37a7RDsyVEZn.jpg]
[assets.zyrosite.com/A8576OQ756ujLrWl/N-p_nh-YBgDlloZ8gFr8Pe9.jpg]
[assets.zyrosite.com/A8576OQ756ujLrWl/vi-n-ch-n-Aq2xeeG90xiMO04k.jpg]
[assets.zyrosite.com/A8576OQ756ujLrWl/img-m6LkMDRVXwijB6py.png]
[assets.zyrosite.com/A8576OQ756ujLrWl/ta-i_xu-ng-removebg-preview-m6LVr71wLvIg5gKP.png]
[assets.zyrosite.com/A8576OQ756ujLrWl/m-u-v-ng-YKbV11MP3DFRJLP0.jpg]
[assets.zyrosite.com/A8576OQ756ujLrWl/n-p-h-Yle722Br29uee4Eg.jpg]
[assets.zyrosite.com/A8576OQ756ujLrWl/img-Awv0JDW6o8UZPk7G.jpg]
[assets.zyrosite.com/A8576OQ756ujLrWl/unnamed-YX40zn92vZfDgL7Z.png]
[assets.zyrosite.com/A8576OQ756ujLrWl/N-p-nh-m-c-c-m-u-YrDO11PX2qcbl84v.jpg]
[assets.zyrosite.com/A8576OQ756ujLrWl/N-p-nh-m-vi-n-ch-n-YBgDllKz8EHl1VKv.jpg]
[assets.zyrosite.com/A8576OQ756ujLrWl/PS-YaneM10jKZu9GGZN.jpg]
[assets.zyrosite.com/A8576OQ756ujLrWl/m-u-b-c-AGB0MMP0pWu7gP0j.jpg]
[assets.zyrosite.com/A8576OQ756ujLrWl/img-Y4LK2ElRZ8Hozkan.png]
[assets.zyrosite.com/A8576OQ756ujLrWl/N-p-nh-m-chai-phi-AE03223pDNTegXjm.png]
[assets.zyrosite.com/A8576OQ756ujLrWl/img-AMqjxl3kPVSMRQ1L.jpg]
[assets.zyrosite.com/A8576OQ756ujLrWl/N-p-nh-m-ALpjBBGlXkSJenn7.jpg]
[assets.zyrosite.com/A8576OQ756ujLrWl/N-p_th-Y4LnOO4aJwuaQKax.jpg]
[assets.zyrosite.com/A8576OQ756ujLrWl/img-mk3N88KBv2u8Rgz7.jpg]
[assets.zyrosite.com/A8576OQ756ujLrWl/PS-YaneM1JzXRuz4qr3.jpg]
[assets.zyrosite.com/A8576OQ756ujLrWl/pngtree-fast-delivery-icon-for-your-project-png-removebg-preview-mnleE7LzbGtxr6wo.png]
[assets.zyrosite.com/A8576OQ756ujLrWl/img-ALpjO7r4OnSVkq5G.jpg]
[assets.zyrosite.com/A8576OQ756ujLrWl/img-m5KOll1e6wtWXXx2.png]
[assets.zyrosite.com/A8576OQ756ujLrWl/mang-seal-m7Vz4XNpGPtPBKp3.jpg]
[assets.zyrosite.com/A8576OQ756ujLrWl/n-p-h-Yle722VNajf4gggM.jpg]
[assets.zyrosite.com/A8576OQ756ujLrWl/idea-YBgV18LLWKiEzxym.png]
[assets.zyrosite.com/A8576OQ756ujLrWl/img-m6LVDk3JNxIX21a7.jpg]
[assets.zyrosite.com/A8576OQ756ujLrWl/ISO-logo-removebg-preview-AE032qpwx0FkOM67.png]
[assets.zyrosite.com/A8576OQ756ujLrWl/iconfinder_recycling-glass-recycle-A1aklQZa1whRWLna.png]
[assets.zyrosite.com/A8576OQ756ujLrWl/N-p-nh-m-phi-x-A1aV1g0jjWfLKO5b.jpg]
[assets.zyrosite.com/A8576OQ756ujLrWl/a-removebg-preview-YX45L1Xzl5s6PqbE.png]
[assets.zyrosite.com/A8576OQ756ujLrWl/N-p-nh-m-chai-vu-ng-d95NDD5OB4sv2X0D.jpg]
[assets.zyrosite.com/A8576OQ756ujLrWl/N-p-bi-v-n-ren-m-u-en-chai-zelka-Yane6MenlQcDpzkD.jpg]
[assets.zyrosite.com/A8576OQ756ujLrWl/PS-m7VzM3bQP4UVK7Vg.jpg]
[assets.zyrosite.com/A8576OQ756ujLrWl/N-p-nh-m-chai-Yle722jyoDhQ1jzG.jpg]
[assets.zyrosite.com/A8576OQ756ujLrWl/img-YrDO11R871FBlKqL.png]
[assets.zyrosite.com/A8576OQ756ujLrWl/removebg-preview-ALpjBn46g4ubO78J.png]
[assets.zyrosite.com/A8576OQ756ujLrWl/N-A85722ZLjXtVjx6E.png]
[assets.zyrosite.com/A8576OQ756ujLrWl/l-p-gh-t-l-t-YNqzpBbo3nfyOln7.jpg]
[assets.zyrosite.com/A8576OQ756ujLrWl/phi-mp8B33EwJ7FZZRKN.jpg]
[assets.zyrosite.com/A8576OQ756ujLrWl/N-p-nh-m-chai-YNqzOO8ooxUoXRD9.jpg]
[assets.zyrosite.com/A8576OQ756ujLrWl/n-p-h-mnlXnnPQ3NFe25R4.jpg]
[assets.zyrosite.com/A8576OQ756ujLrWl/logoSaleNoti-A1aVRNaJe2f3QP3e.png]
[assets.zyrosite.com/A8576OQ756ujLrWl/n-p-h-AE0322N8ZXfrb293.jpg]
[assets.zyrosite.com/A8576OQ756ujLrWl/img-AE0eyMlO8xS1lV5l.png]
[assets.zyrosite.com/A8576OQ756ujLrWl/img-mjEjPPJ7D5SqwJj6.png]
[assets.zyrosite.com/A8576OQ756ujLrWl/fame-AR09B7q9L9SkXp5b.png]
[assets.zyrosite.com/A8576OQ756ujLrWl/N-p-vi-n-ch-n-dOqjllKJgguGowDm.jpg]
[assets.zyrosite.com/A8576OQ756ujLrWl/img-AR0p2280Z5HlzxLj.jpg]
[assets.zyrosite.com/A8576OQ756ujLrWl/ab-removebg-preview-AE0ey24022Tg3QW8.png]
[assets.zyrosite.com/A8576OQ756ujLrWl/img-YD0Zve557MuQgeon.png]
[assets.zyrosite.com/A8576OQ756ujLrWl/removebg-preview-m6LkMDM79nhXD105.png]
[assets.zyrosite.com/A8576OQ756ujLrWl/PE-mk3Nyv4q0QS4781J.jpg]
[assets.zyrosite.com/A8576OQ756ujLrWl/N-p_nh-d95NDDMNL1fN7yar.jpg]
[assets.zyrosite.com/A8576OQ756ujLrWl/support-YZ95N79yLBCp9l1J.png]
[assets.zyrosite.com/A8576OQ756ujLrWl/N-p-vi-n-ch-n-YKbV11OjOJIpnbBZ.jpg]
[assets.zyrosite.com/A8576OQ756ujLrWl/N-p-bi-v-n-y-chai-zelka-AoPaZZjDbwhDWEvG.jpg]
[assets.zyrosite.com/A8576OQ756ujLrWl/img-AQE688DJrpug55zX.jpg]
[assets.zyrosite.com/A8576OQ756ujLrWl/img-Y4LK28RzzlT4eDjj.png]
[assets.zyrosite.com/A8576OQ756ujLrWl/img-A1aV11EvbZFzLv5O.png]
[assets.zyrosite.com/A8576OQ756ujLrWl/removebg-preview-mp8Poz0LvrhKNrMP.png]
[assets.zyrosite.com/A8576OQ756ujLrWl/img-Aq2x6q7zwwuX2kZB.jpg]
[assets.zyrosite.com/A8576OQ756ujLrWl/img-YBgD8e3XqWFvWxOV.jpg]
[assets.zyrosite.com/A8576OQ756ujLrWl/N-AzGajjDWvjHqGDEB.jpg]
[assets.zyrosite.com/A8576OQ756ujLrWl/N-p-nh-m-v-ng-chai-d-u-m7Vz88Nw7BuKvkry.jpg]
[assets.zyrosite.com/A8576OQ756ujLrWl/N-p-nh-m-vi-n-ch-n-YBgDll59PqixDaBR.jpg]
[assets.zyrosite.com/A8576OQ756ujLrWl/N-p-bi-v-n-ren-m-u-un-chai-zelka-AVLO3zOxL6cGlwLa.jpg]
[assets.zyrosite.com/A8576OQ756ujLrWl/N-p-nh-m-vi-n-ch-n-YKbV11KE84HgvNXD.jpg]
[assets.zyrosite.com/A8576OQ756ujLrWl/img-mePW554G5rFlQk27.png]
[assets.zyrosite.com/A8576OQ756ujLrWl/img-AGB03nOJ4ZfV5vXr.jpg]
[assets.zyrosite.com/A8576OQ756ujLrWl/N-p-nh-m-vi-n-ch-n-YX4011wyanUb5103.jpg]
[assets.zyrosite.com/A8576OQ756ujLrWl/N-mp8B333woVSq16xV.jpg]
[assets.zyrosite.com/A8576OQ756ujLrWl/PET-AVLOz7anx9H5oVXV.jpg]
[assets.zyrosite.com/A8576OQ756ujLrWl/N-p-v-ng-mjEjPP82jPTL03gn.jpg]
[assets.zyrosite.com/A8576OQ756ujLrWl/coupon-A3QN8aKGRouDna0Z.png]
[assets.zyrosite.com/A8576OQ756ujLrWl/img-m6LVPPQ3XDSyK6gg.jpg]
[assets.zyrosite.com/A8576OQ756ujLrWl/PE-d-x-tay-c-m-dOqj7apJZWixxvJP.jpg]
[assets.zyrosite.com/A8576OQ756ujLrWl/N-p-vi-n-ch-n-AzGajjwzw9U1yazQ.jpg]
[assets.zyrosite.com/A8576OQ756ujLrWl/img-YZ9D7xQKkJtaeb6q.jpg]
[assets.zyrosite.com/A8576OQ756ujLrWl/N-p-en-c-ren-Yg2ELLOx16iG3Lqn.jpg]
[assets.zyrosite.com/A8576OQ756ujLrWl/img-YZ9DaaZQMGS832NM.jpg]
[assets.zyrosite.com/A8576OQ756ujLrWl/N-p-nh-m-phi-A1aV1gvGJeHG6ErK.jpg]
[assets.zyrosite.com/A8576OQ756ujLrWl/img-A0xLee919OsWrpvk.jpg]
[assets.zyrosite.com/A8576OQ756ujLrWl/N-p-bi-v-n-ren-chai-m5KOllzpQ8fGRj8q.jpg]
[assets.zyrosite.com/A8576OQ756ujLrWl/N-p-nh-m-phi-YBgDloPOJKfVoNgb.jpg]
[assets.zyrosite.com/A8576OQ756ujLrWl/img-YbN6nnL2QRCDvO41.jpg]
[assets.zyrosite.com/A8576OQ756ujLrWl/img-AE03MaZwg7I6vVBp.jpg]
[www.google.com/maps/embedef55.html]
[assets.zyrosite.com/A8576OQ756ujLrWl/N-p-nh-m-phi-mv0M5xporDIQPyDl.jpg]
[assets.zyrosite.com/A8576OQ756ujLrWl/img-YKbVaEBE4QhZyZPd.jpg]
[assets.zyrosite.com/A8576OQ756ujLrWl/N-p_th-AzGajjXGeEF3nL7p.jpg]
[napchaivietthai.com/index.html]
[napchaivietthai.com/cdn-cgi/apps/head/a2ff1ftsK3yTu21p1BeEN2BZsnA.js]
[userapp.zyrosite.com/v79/css/chunk-08a5488b.2d3778f0.css]
[userapp.zyrosite.com/v79/css/chunk-15bc52b0.258061ec.css]
[userapp.zyrosite.com/v79/css/chunk-2d636fe3.a5fd65f7.css]
[userapp.zyrosite.com/v79/css/chunk-344eddb0.907e5caa.css]
[userapp.zyrosite.com/v79/css/chunk-3f9a7eae.cea6dc64.css]
[userapp.zyrosite.com/v79/css/chunk-4a39c8e0.b67bbadd.css]
[userapp.zyrosite.com/v79/css/chunk-4ac1ad79.55378ad9.css]
[userapp.zyrosite.com/v79/css/chunk-58f50bde.9abc5cea.css]
[userapp.zyrosite.com/v79/css/chunk-594072f4.fa30ed42.css]
[userapp.zyrosite.com/v79/css/chunk-59f77eb4.466a7180.css]
[userapp.zyrosite.com/v79/css/chunk-5affa70a.880d22b4.css]
[userapp.zyrosite.com/v79/css/chunk-73fb698d.9474220f.css]
[userapp.zyrosite.com/v79/css/chunk-74331a3d.218d1057.css]
[userapp.zyrosite.com/v79/css/chunk-9a51ac7a.9abc5cea.css]
[userapp.zyrosite.com/v79/css/chunk-9b69f91e.5967fda5.css]
[userapp.zyrosite.com/v79/css/chunk-a17269f2.1e0ef33a.css]
[userapp.zyrosite.com/v79/css/chunk-c30a2264.1482288e.css]
[userapp.zyrosite.com/v79/css/chunk-cc96683a.fde06246.css]
[userapp.zyrosite.com/v79/css/index.adb3ca33.css]
[ajax.cloudflare.com/cdn-cgi/scripts/7089c43e/cloudflare-static/rocket-loader.min.js]
[fonts.gstatic.com/s/nunitosans/v6/pe0qMImSLYBIv1o4X1M8cce9I94.ttf]
[fonts.gstatic.com/s/nunitosans/v6/pe03MImSLYBIv1o4X1M8cc8WAc5tU1Q.a5.delayed]
[fonts.gstatic.com/s/nunitosans/v6/pe03MImSLYBIv1o4X1M8cc8GBs5tU1Q.ttf]
[fonts.googleapis.com/css.2db812.delayed]
[napchaivietthai.com/gioi-thieu.html]
[fonts.gstatic.com/s/nunitosans/v6/pe03MImSLYBIv1o4X1M8cc8aBc5tU1Q.ttf]
[napchaivietthai.com/nap-chai.html]
[napchaivietthai.com/nap-nhom.html]
[napchaivietthai.com/nap-thu-y.html]
[napchaivietthai.com/nap-vien-chan.html]
[napchaivietthai.com/nap-bi-nhua.html]
[www.youtube.com/embed/b87P6raIigQ8b33.html]
[napchaivietthai.com/pe-bvtv-in-en.html]
[napchaivietthai.com/mang-seal.html]
[napchaivietthai.com/lien-he.html]
[napchaivietthai.com/https.html]
[napchaivietthai.com/page-Xa6kso8dl.html]
[www.facebook.com/congtytnhhbaobivietthai/index.html]
[zalo.me/0982225907.3d.delayed]
[zalo.me/0982225907.3d.delayed]
[isocert.org.vn/cong-ty-tnhh-bao-bi-viet-thai.60.delayed]
[isocert.org.vn/cong-ty-tnhh-bao-bi-viet-thai.60.delayed]
[maps.google.com/maps.6d81e8.delayed]
[www.google.com/maps/embedf630.html]
[www.youtube.com/embed/b87P6raIigQ.97db4a.delayed]
[www.youtube.com/embed/b87P6raIigQ.97db4a.delayed]
[maps.gstatic.com/maps-api-v3/embed/js/43/7a/init_embed.js]
[www.google.com/maps/embedef55.html]
[maps.googleapis.com/maps/api/js.ae584e.delayed]
[fonts.gstatic.com/s/roboto/v18/KFOjCnqEu92Fr1Mu51S7ACc6CsE.af.delayed]
[www.youtube.com/yts/img/ringo/hitchhiker/logo_small_2x-vfl4_cFqn.png]
[www.youtube.com/yts/img/ringo/hitchhiker/logo_youtube_red_2x-vflOSHA_n.png]
[www.youtube.com/yts/img/ringo/hitchhiker/yt_play_logo_2x-vflXx5Pg3.png]
[www.youtube.com/s/player/f6ef8aad/www-embed-player.vflset/www-embed-player.js]
[www.youtube.com/s/player/f6ef8aad/player_ias.vflset/en_US/base.js]
[www.youtube.com/yts/jsbin/fetch-polyfill-vfl6MZH8P/fetch-polyfill.js]
[www.youtube.com/embed/b87P6raIigQ8b33.html]
[napchaivietthai.com/pe-bvtv-in-en.html]
[userapp.zyrosite.com/v33/css/chunk-0269357c.c90a7323.css]
[userapp.zyrosite.com/v33/css/chunk-12099bbc.407a59c9.css]
[userapp.zyrosite.com/v33/css/chunk-18cbfb03.3614d126.css]
[userapp.zyrosite.com/v33/css/chunk-19ca1a3a.f89a9f44.css]
[userapp.zyrosite.com/v33/css/chunk-1a9aa916.13c69a9a.css]
[userapp.zyrosite.com/v33/css/chunk-23f516f6.5c5d7595.css]
[userapp.zyrosite.com/v33/css/chunk-3342ba4d.4970df47.css]
[userapp.zyrosite.com/v33/css/chunk-4f945b53.0eb1c568.css]
[userapp.zyrosite.com/v33/css/chunk-60850832.cd50bbfe.css]
[userapp.zyrosite.com/v33/css/chunk-7221540d.3c509fea.css]
[userapp.zyrosite.com/v33/css/chunk-7885327e.0f5b3ef4.css]
[userapp.zyrosite.com/v33/css/chunk-7d769fcc.845ff327.css]
[userapp.zyrosite.com/v33/css/chunk-88382e2c.fcb17d8d.css]
[userapp.zyrosite.com/v33/css/chunk-ba346fae.60536a86.css]
[userapp.zyrosite.com/v33/css/chunk-ed14c39e.ac778e01.css]
[userapp.zyrosite.com/v33/js/chunk-0269357c.20f17988.js]
[userapp.zyrosite.com/v33/js/chunk-12099bbc.34fe9a46.js]
[userapp.zyrosite.com/v33/js/chunk-18cbfb03.73175994.js]
[userapp.zyrosite.com/v33/js/chunk-19ca1a3a.4a824618.js]
[userapp.zyrosite.com/v33/js/chunk-1a9aa916.b88115e2.js]
[userapp.zyrosite.com/v33/js/chunk-23f516f6.038b7df1.js]
[userapp.zyrosite.com/v33/js/chunk-2d0b64de.1259fd5d.js]
[userapp.zyrosite.com/v33/js/chunk-3342ba4d.3531a43a.js]
[userapp.zyrosite.com/v33/js/chunk-4f945b53.a61b6a05.js]
[userapp.zyrosite.com/v33/js/chunk-60850832.ff8317e1.js]
[userapp.zyrosite.com/v33/js/chunk-7221540d.6b5c8db4.js]
[userapp.zyrosite.com/v33/js/chunk-7885327e.e6f91230.js]
[userapp.zyrosite.com/v33/js/chunk-7d769fcc.3f5f1a06.js]
[userapp.zyrosite.com/v33/js/chunk-8056baba.a129f24d.js]
[userapp.zyrosite.com/v33/js/chunk-88382e2c.61c4f216.js]
[userapp.zyrosite.com/v33/js/chunk-ba346fae.b62353ca.js]
[userapp.zyrosite.com/v33/js/chunk-d86d4f82.8c03f219.js]
[userapp.zyrosite.com/v33/js/chunk-ed14c39e.c65411d6.js]
[userapp.zyrosite.com/v33/css/index.55f8bd98.css]
[userapp.zyrosite.com/v33/js/chunk-vendors.d630c5bd.js]
[napchaivietthai.com/page-Xa6kso8dl.html]
[www.google.com/maps/embedf630.html]
[userapp.zyrosite.com/v33/js/index.0015588d.js]
[www.youtube.com/imgbin/www-hitchhiker.dc.delayed]
[www.gstatic.com/youtube/img/originals/ckee/crane-kick.png]
[www.youtube.com/s/player/f6ef8aad/www-player.css]
[www.youtube.com/img/meh7.html]
[userapp.zyrosite.com/v33/css/chunk-0269357c.c90a7323.css]
[userapp.zyrosite.com/v33/css/chunk-12099bbc.407a59c9.css]
[userapp.zyrosite.com/v33/css/chunk-18cbfb03.3614d126.css]
[userapp.zyrosite.com/v33/css/chunk-19ca1a3a.f89a9f44.css]
[userapp.zyrosite.com/v33/css/chunk-1a9aa916.13c69a9a.css]
[userapp.zyrosite.com/v33/css/chunk-23f516f6.5c5d7595.css]
[userapp.zyrosite.com/v33/css/chunk-3342ba4d.4970df47.css]
[userapp.zyrosite.com/v33/css/chunk-4f945b53.0eb1c568.css]
[userapp.zyrosite.com/v33/css/chunk-60850832.cd50bbfe.css]
[userapp.zyrosite.com/v33/css/chunk-7221540d.3c509fea.css]
[userapp.zyrosite.com/v33/css/chunk-7885327e.0f5b3ef4.css]
[userapp.zyrosite.com/v33/css/chunk-7d769fcc.845ff327.css]
[userapp.zyrosite.com/v33/css/chunk-88382e2c.fcb17d8d.css]
[userapp.zyrosite.com/v33/css/chunk-ba346fae.60536a86.css]
[userapp.zyrosite.com/v33/css/chunk-ed14c39e.ac778e01.css]
[userapp.zyrosite.com/v33/css/index.55f8bd98.css]
[www.youtube.com/imgbin/www-hitchhiker.html]
